// Jest Snapshot v1, https://jestjs.io/docs/snapshot-testing

exports[`actionTrackingMiddleware - sync: action on the child 1`] = `
[
  {
    "context": {
      "actionName": "addY",
      "args": [
        2,
      ],
      "data": {
        Symbol(simpleDataContext): [Circular],
        Symbol(actionTrackingMiddlewareData): {
          "startAccepted": true,
          "state": "finished",
        },
      },
      "parentContext": undefined,
      "rootContext": [Circular],
      "target": P2 {
        "$": {
          "$modelId": "id-2",
          "y": 2,
        },
        "$modelType": "P2",
        "addY": [Function],
      },
      "type": "sync",
    },
    "type": "filter",
  },
  {
    "context": {
      "actionName": "addY",
      "args": [
        2,
      ],
      "data": {
        Symbol(simpleDataContext): [Circular],
        Symbol(actionTrackingMiddlewareData): {
          "startAccepted": true,
          "state": "finished",
        },
      },
      "parentContext": undefined,
      "rootContext": [Circular],
      "target": P2 {
        "$": {
          "$modelId": "id-2",
          "y": 2,
        },
        "$modelType": "P2",
        "addY": [Function],
      },
      "type": "sync",
    },
    "type": "start",
  },
  {
    "context": {
      "actionName": "addY",
      "args": [
        2,
      ],
      "data": {
        Symbol(simpleDataContext): [Circular],
        Symbol(actionTrackingMiddlewareData): {
          "startAccepted": true,
          "state": "finished",
        },
      },
      "parentContext": undefined,
      "rootContext": [Circular],
      "target": P2 {
        "$": {
          "$modelId": "id-2",
          "y": 2,
        },
        "$modelType": "P2",
        "addY": [Function],
      },
      "type": "sync",
    },
    "type": "resume",
  },
  {
    "context": {
      "actionName": "addY",
      "args": [
        2,
      ],
      "data": {
        Symbol(simpleDataContext): [Circular],
        Symbol(actionTrackingMiddlewareData): {
          "startAccepted": true,
          "state": "finished",
        },
      },
      "parentContext": undefined,
      "rootContext": [Circular],
      "target": P2 {
        "$": {
          "$modelId": "id-2",
          "y": 2,
        },
        "$modelType": "P2",
        "addY": [Function],
      },
      "type": "sync",
    },
    "type": "suspend",
  },
  {
    "context": {
      "actionName": "addY",
      "args": [
        2,
      ],
      "data": {
        Symbol(simpleDataContext): [Circular],
        Symbol(actionTrackingMiddlewareData): {
          "startAccepted": true,
          "state": "finished",
        },
      },
      "parentContext": undefined,
      "rootContext": [Circular],
      "target": P2 {
        "$": {
          "$modelId": "id-2",
          "y": 2,
        },
        "$modelType": "P2",
        "addY": [Function],
      },
      "type": "sync",
    },
    "result": "return",
    "type": "finish",
    "value": 2,
  },
]
`;

exports[`actionTrackingMiddleware - sync: action on the root 1`] = `
[
  {
    "context": {
      "actionName": "addX",
      "args": [
        1,
      ],
      "data": {
        Symbol(simpleDataContext): [Circular],
        Symbol(actionTrackingMiddlewareData): {
          "startAccepted": true,
          "state": "finished",
        },
      },
      "parentContext": undefined,
      "rootContext": [Circular],
      "target": P {
        "$": {
          "$modelId": "id-1",
          "p2": P2 {
            "$": {
              "$modelId": "id-2",
              "y": 0,
            },
            "$modelType": "P2",
            "addY": [Function],
          },
          "x": 1,
        },
        "$modelType": "P",
      },
      "type": "sync",
    },
    "type": "filter",
  },
  {
    "context": {
      "actionName": "addX",
      "args": [
        1,
      ],
      "data": {
        Symbol(simpleDataContext): [Circular],
        Symbol(actionTrackingMiddlewareData): {
          "startAccepted": true,
          "state": "finished",
        },
      },
      "parentContext": undefined,
      "rootContext": [Circular],
      "target": P {
        "$": {
          "$modelId": "id-1",
          "p2": P2 {
            "$": {
              "$modelId": "id-2",
              "y": 0,
            },
            "$modelType": "P2",
            "addY": [Function],
          },
          "x": 1,
        },
        "$modelType": "P",
      },
      "type": "sync",
    },
    "type": "start",
  },
  {
    "context": {
      "actionName": "addX",
      "args": [
        1,
      ],
      "data": {
        Symbol(simpleDataContext): [Circular],
        Symbol(actionTrackingMiddlewareData): {
          "startAccepted": true,
          "state": "finished",
        },
      },
      "parentContext": undefined,
      "rootContext": [Circular],
      "target": P {
        "$": {
          "$modelId": "id-1",
          "p2": P2 {
            "$": {
              "$modelId": "id-2",
              "y": 0,
            },
            "$modelType": "P2",
            "addY": [Function],
          },
          "x": 1,
        },
        "$modelType": "P",
      },
      "type": "sync",
    },
    "type": "resume",
  },
  {
    "context": {
      "actionName": "addX",
      "args": [
        1,
      ],
      "data": {
        Symbol(simpleDataContext): [Circular],
        Symbol(actionTrackingMiddlewareData): {
          "startAccepted": true,
          "state": "finished",
        },
      },
      "parentContext": undefined,
      "rootContext": [Circular],
      "target": P {
        "$": {
          "$modelId": "id-1",
          "p2": P2 {
            "$": {
              "$modelId": "id-2",
              "y": 0,
            },
            "$modelType": "P2",
            "addY": [Function],
          },
          "x": 1,
        },
        "$modelType": "P",
      },
      "type": "sync",
    },
    "type": "suspend",
  },
  {
    "context": {
      "actionName": "addX",
      "args": [
        1,
      ],
      "data": {
        Symbol(simpleDataContext): [Circular],
        Symbol(actionTrackingMiddlewareData): {
          "startAccepted": true,
          "state": "finished",
        },
      },
      "parentContext": undefined,
      "rootContext": [Circular],
      "target": P {
        "$": {
          "$modelId": "id-1",
          "p2": P2 {
            "$": {
              "$modelId": "id-2",
              "y": 0,
            },
            "$modelType": "P2",
            "addY": [Function],
          },
          "x": 1,
        },
        "$modelType": "P",
      },
      "type": "sync",
    },
    "result": "return",
    "type": "finish",
    "value": 1,
  },
]
`;

exports[`actionTrackingMiddleware - sync: action on the root with sub-action on the child 1`] = `
[
  {
    "context": {
      "actionName": "addXY",
      "args": [
        3,
        4,
      ],
      "data": {
        Symbol(simpleDataContext): [Circular],
        Symbol(actionTrackingMiddlewareData): {
          "startAccepted": true,
          "state": "finished",
        },
      },
      "parentContext": undefined,
      "rootContext": [Circular],
      "target": P {
        "$": {
          "$modelId": "id-1",
          "p2": P2 {
            "$": {
              "$modelId": "id-2",
              "y": 6,
            },
            "$modelType": "P2",
            "addY": [Function],
          },
          "x": 4,
        },
        "$modelType": "P",
      },
      "type": "sync",
    },
    "type": "filter",
  },
  {
    "context": {
      "actionName": "addXY",
      "args": [
        3,
        4,
      ],
      "data": {
        Symbol(simpleDataContext): [Circular],
        Symbol(actionTrackingMiddlewareData): {
          "startAccepted": true,
          "state": "finished",
        },
      },
      "parentContext": undefined,
      "rootContext": [Circular],
      "target": P {
        "$": {
          "$modelId": "id-1",
          "p2": P2 {
            "$": {
              "$modelId": "id-2",
              "y": 6,
            },
            "$modelType": "P2",
            "addY": [Function],
          },
          "x": 4,
        },
        "$modelType": "P",
      },
      "type": "sync",
    },
    "type": "start",
  },
  {
    "context": {
      "actionName": "addXY",
      "args": [
        3,
        4,
      ],
      "data": {
        Symbol(simpleDataContext): [Circular],
        Symbol(actionTrackingMiddlewareData): {
          "startAccepted": true,
          "state": "finished",
        },
      },
      "parentContext": undefined,
      "rootContext": [Circular],
      "target": P {
        "$": {
          "$modelId": "id-1",
          "p2": P2 {
            "$": {
              "$modelId": "id-2",
              "y": 6,
            },
            "$modelType": "P2",
            "addY": [Function],
          },
          "x": 4,
        },
        "$modelType": "P",
      },
      "type": "sync",
    },
    "type": "resume",
  },
  {
    "context": {
      "actionName": "addX",
      "args": [
        3,
      ],
      "data": {
        Symbol(simpleDataContext): [Circular],
        Symbol(actionTrackingMiddlewareData): {
          "startAccepted": true,
          "state": "finished",
        },
      },
      "parentContext": {
        "actionName": "addXY",
        "args": [
          3,
          4,
        ],
        "data": {
          Symbol(simpleDataContext): [Circular],
          Symbol(actionTrackingMiddlewareData): {
            "startAccepted": true,
            "state": "finished",
          },
        },
        "parentContext": undefined,
        "rootContext": [Circular],
        "target": P {
          "$": {
            "$modelId": "id-1",
            "p2": P2 {
              "$": {
                "$modelId": "id-2",
                "y": 6,
              },
              "$modelType": "P2",
              "addY": [Function],
            },
            "x": 4,
          },
          "$modelType": "P",
        },
        "type": "sync",
      },
      "rootContext": {
        "actionName": "addXY",
        "args": [
          3,
          4,
        ],
        "data": {
          Symbol(simpleDataContext): [Circular],
          Symbol(actionTrackingMiddlewareData): {
            "startAccepted": true,
            "state": "finished",
          },
        },
        "parentContext": undefined,
        "rootContext": [Circular],
        "target": P {
          "$": {
            "$modelId": "id-1",
            "p2": P2 {
              "$": {
                "$modelId": "id-2",
                "y": 6,
              },
              "$modelType": "P2",
              "addY": [Function],
            },
            "x": 4,
          },
          "$modelType": "P",
        },
        "type": "sync",
      },
      "target": P {
        "$": {
          "$modelId": "id-1",
          "p2": P2 {
            "$": {
              "$modelId": "id-2",
              "y": 6,
            },
            "$modelType": "P2",
            "addY": [Function],
          },
          "x": 4,
        },
        "$modelType": "P",
      },
      "type": "sync",
    },
    "type": "filter",
  },
  {
    "context": {
      "actionName": "addX",
      "args": [
        3,
      ],
      "data": {
        Symbol(simpleDataContext): [Circular],
        Symbol(actionTrackingMiddlewareData): {
          "startAccepted": true,
          "state": "finished",
        },
      },
      "parentContext": {
        "actionName": "addXY",
        "args": [
          3,
          4,
        ],
        "data": {
          Symbol(simpleDataContext): [Circular],
          Symbol(actionTrackingMiddlewareData): {
            "startAccepted": true,
            "state": "finished",
          },
        },
        "parentContext": undefined,
        "rootContext": [Circular],
        "target": P {
          "$": {
            "$modelId": "id-1",
            "p2": P2 {
              "$": {
                "$modelId": "id-2",
                "y": 6,
              },
              "$modelType": "P2",
              "addY": [Function],
            },
            "x": 4,
          },
          "$modelType": "P",
        },
        "type": "sync",
      },
      "rootContext": {
        "actionName": "addXY",
        "args": [
          3,
          4,
        ],
        "data": {
          Symbol(simpleDataContext): [Circular],
          Symbol(actionTrackingMiddlewareData): {
            "startAccepted": true,
            "state": "finished",
          },
        },
        "parentContext": undefined,
        "rootContext": [Circular],
        "target": P {
          "$": {
            "$modelId": "id-1",
            "p2": P2 {
              "$": {
                "$modelId": "id-2",
                "y": 6,
              },
              "$modelType": "P2",
              "addY": [Function],
            },
            "x": 4,
          },
          "$modelType": "P",
        },
        "type": "sync",
      },
      "target": P {
        "$": {
          "$modelId": "id-1",
          "p2": P2 {
            "$": {
              "$modelId": "id-2",
              "y": 6,
            },
            "$modelType": "P2",
            "addY": [Function],
          },
          "x": 4,
        },
        "$modelType": "P",
      },
      "type": "sync",
    },
    "type": "start",
  },
  {
    "context": {
      "actionName": "addX",
      "args": [
        3,
      ],
      "data": {
        Symbol(simpleDataContext): [Circular],
        Symbol(actionTrackingMiddlewareData): {
          "startAccepted": true,
          "state": "finished",
        },
      },
      "parentContext": {
        "actionName": "addXY",
        "args": [
          3,
          4,
        ],
        "data": {
          Symbol(simpleDataContext): [Circular],
          Symbol(actionTrackingMiddlewareData): {
            "startAccepted": true,
            "state": "finished",
          },
        },
        "parentContext": undefined,
        "rootContext": [Circular],
        "target": P {
          "$": {
            "$modelId": "id-1",
            "p2": P2 {
              "$": {
                "$modelId": "id-2",
                "y": 6,
              },
              "$modelType": "P2",
              "addY": [Function],
            },
            "x": 4,
          },
          "$modelType": "P",
        },
        "type": "sync",
      },
      "rootContext": {
        "actionName": "addXY",
        "args": [
          3,
          4,
        ],
        "data": {
          Symbol(simpleDataContext): [Circular],
          Symbol(actionTrackingMiddlewareData): {
            "startAccepted": true,
            "state": "finished",
          },
        },
        "parentContext": undefined,
        "rootContext": [Circular],
        "target": P {
          "$": {
            "$modelId": "id-1",
            "p2": P2 {
              "$": {
                "$modelId": "id-2",
                "y": 6,
              },
              "$modelType": "P2",
              "addY": [Function],
            },
            "x": 4,
          },
          "$modelType": "P",
        },
        "type": "sync",
      },
      "target": P {
        "$": {
          "$modelId": "id-1",
          "p2": P2 {
            "$": {
              "$modelId": "id-2",
              "y": 6,
            },
            "$modelType": "P2",
            "addY": [Function],
          },
          "x": 4,
        },
        "$modelType": "P",
      },
      "type": "sync",
    },
    "type": "resume",
  },
  {
    "context": {
      "actionName": "addX",
      "args": [
        3,
      ],
      "data": {
        Symbol(simpleDataContext): [Circular],
        Symbol(actionTrackingMiddlewareData): {
          "startAccepted": true,
          "state": "finished",
        },
      },
      "parentContext": {
        "actionName": "addXY",
        "args": [
          3,
          4,
        ],
        "data": {
          Symbol(simpleDataContext): [Circular],
          Symbol(actionTrackingMiddlewareData): {
            "startAccepted": true,
            "state": "finished",
          },
        },
        "parentContext": undefined,
        "rootContext": [Circular],
        "target": P {
          "$": {
            "$modelId": "id-1",
            "p2": P2 {
              "$": {
                "$modelId": "id-2",
                "y": 6,
              },
              "$modelType": "P2",
              "addY": [Function],
            },
            "x": 4,
          },
          "$modelType": "P",
        },
        "type": "sync",
      },
      "rootContext": {
        "actionName": "addXY",
        "args": [
          3,
          4,
        ],
        "data": {
          Symbol(simpleDataContext): [Circular],
          Symbol(actionTrackingMiddlewareData): {
            "startAccepted": true,
            "state": "finished",
          },
        },
        "parentContext": undefined,
        "rootContext": [Circular],
        "target": P {
          "$": {
            "$modelId": "id-1",
            "p2": P2 {
              "$": {
                "$modelId": "id-2",
                "y": 6,
              },
              "$modelType": "P2",
              "addY": [Function],
            },
            "x": 4,
          },
          "$modelType": "P",
        },
        "type": "sync",
      },
      "target": P {
        "$": {
          "$modelId": "id-1",
          "p2": P2 {
            "$": {
              "$modelId": "id-2",
              "y": 6,
            },
            "$modelType": "P2",
            "addY": [Function],
          },
          "x": 4,
        },
        "$modelType": "P",
      },
      "type": "sync",
    },
    "type": "suspend",
  },
  {
    "context": {
      "actionName": "addX",
      "args": [
        3,
      ],
      "data": {
        Symbol(simpleDataContext): [Circular],
        Symbol(actionTrackingMiddlewareData): {
          "startAccepted": true,
          "state": "finished",
        },
      },
      "parentContext": {
        "actionName": "addXY",
        "args": [
          3,
          4,
        ],
        "data": {
          Symbol(simpleDataContext): [Circular],
          Symbol(actionTrackingMiddlewareData): {
            "startAccepted": true,
            "state": "finished",
          },
        },
        "parentContext": undefined,
        "rootContext": [Circular],
        "target": P {
          "$": {
            "$modelId": "id-1",
            "p2": P2 {
              "$": {
                "$modelId": "id-2",
                "y": 6,
              },
              "$modelType": "P2",
              "addY": [Function],
            },
            "x": 4,
          },
          "$modelType": "P",
        },
        "type": "sync",
      },
      "rootContext": {
        "actionName": "addXY",
        "args": [
          3,
          4,
        ],
        "data": {
          Symbol(simpleDataContext): [Circular],
          Symbol(actionTrackingMiddlewareData): {
            "startAccepted": true,
            "state": "finished",
          },
        },
        "parentContext": undefined,
        "rootContext": [Circular],
        "target": P {
          "$": {
            "$modelId": "id-1",
            "p2": P2 {
              "$": {
                "$modelId": "id-2",
                "y": 6,
              },
              "$modelType": "P2",
              "addY": [Function],
            },
            "x": 4,
          },
          "$modelType": "P",
        },
        "type": "sync",
      },
      "target": P {
        "$": {
          "$modelId": "id-1",
          "p2": P2 {
            "$": {
              "$modelId": "id-2",
              "y": 6,
            },
            "$modelType": "P2",
            "addY": [Function],
          },
          "x": 4,
        },
        "$modelType": "P",
      },
      "type": "sync",
    },
    "result": "return",
    "type": "finish",
    "value": 4,
  },
  {
    "context": {
      "actionName": "addY",
      "args": [
        4,
      ],
      "data": {
        Symbol(simpleDataContext): [Circular],
        Symbol(actionTrackingMiddlewareData): {
          "startAccepted": true,
          "state": "finished",
        },
      },
      "parentContext": {
        "actionName": "addXY",
        "args": [
          3,
          4,
        ],
        "data": {
          Symbol(simpleDataContext): [Circular],
          Symbol(actionTrackingMiddlewareData): {
            "startAccepted": true,
            "state": "finished",
          },
        },
        "parentContext": undefined,
        "rootContext": [Circular],
        "target": P {
          "$": {
            "$modelId": "id-1",
            "p2": P2 {
              "$": {
                "$modelId": "id-2",
                "y": 6,
              },
              "$modelType": "P2",
              "addY": [Function],
            },
            "x": 4,
          },
          "$modelType": "P",
        },
        "type": "sync",
      },
      "rootContext": {
        "actionName": "addXY",
        "args": [
          3,
          4,
        ],
        "data": {
          Symbol(simpleDataContext): [Circular],
          Symbol(actionTrackingMiddlewareData): {
            "startAccepted": true,
            "state": "finished",
          },
        },
        "parentContext": undefined,
        "rootContext": [Circular],
        "target": P {
          "$": {
            "$modelId": "id-1",
            "p2": P2 {
              "$": {
                "$modelId": "id-2",
                "y": 6,
              },
              "$modelType": "P2",
              "addY": [Function],
            },
            "x": 4,
          },
          "$modelType": "P",
        },
        "type": "sync",
      },
      "target": P2 {
        "$": {
          "$modelId": "id-2",
          "y": 6,
        },
        "$modelType": "P2",
        "addY": [Function],
      },
      "type": "sync",
    },
    "type": "filter",
  },
  {
    "context": {
      "actionName": "addY",
      "args": [
        4,
      ],
      "data": {
        Symbol(simpleDataContext): [Circular],
        Symbol(actionTrackingMiddlewareData): {
          "startAccepted": true,
          "state": "finished",
        },
      },
      "parentContext": {
        "actionName": "addXY",
        "args": [
          3,
          4,
        ],
        "data": {
          Symbol(simpleDataContext): [Circular],
          Symbol(actionTrackingMiddlewareData): {
            "startAccepted": true,
            "state": "finished",
          },
        },
        "parentContext": undefined,
        "rootContext": [Circular],
        "target": P {
          "$": {
            "$modelId": "id-1",
            "p2": P2 {
              "$": {
                "$modelId": "id-2",
                "y": 6,
              },
              "$modelType": "P2",
              "addY": [Function],
            },
            "x": 4,
          },
          "$modelType": "P",
        },
        "type": "sync",
      },
      "rootContext": {
        "actionName": "addXY",
        "args": [
          3,
          4,
        ],
        "data": {
          Symbol(simpleDataContext): [Circular],
          Symbol(actionTrackingMiddlewareData): {
            "startAccepted": true,
            "state": "finished",
          },
        },
        "parentContext": undefined,
        "rootContext": [Circular],
        "target": P {
          "$": {
            "$modelId": "id-1",
            "p2": P2 {
              "$": {
                "$modelId": "id-2",
                "y": 6,
              },
              "$modelType": "P2",
              "addY": [Function],
            },
            "x": 4,
          },
          "$modelType": "P",
        },
        "type": "sync",
      },
      "target": P2 {
        "$": {
          "$modelId": "id-2",
          "y": 6,
        },
        "$modelType": "P2",
        "addY": [Function],
      },
      "type": "sync",
    },
    "type": "start",
  },
  {
    "context": {
      "actionName": "addY",
      "args": [
        4,
      ],
      "data": {
        Symbol(simpleDataContext): [Circular],
        Symbol(actionTrackingMiddlewareData): {
          "startAccepted": true,
          "state": "finished",
        },
      },
      "parentContext": {
        "actionName": "addXY",
        "args": [
          3,
          4,
        ],
        "data": {
          Symbol(simpleDataContext): [Circular],
          Symbol(actionTrackingMiddlewareData): {
            "startAccepted": true,
            "state": "finished",
          },
        },
        "parentContext": undefined,
        "rootContext": [Circular],
        "target": P {
          "$": {
            "$modelId": "id-1",
            "p2": P2 {
              "$": {
                "$modelId": "id-2",
                "y": 6,
              },
              "$modelType": "P2",
              "addY": [Function],
            },
            "x": 4,
          },
          "$modelType": "P",
        },
        "type": "sync",
      },
      "rootContext": {
        "actionName": "addXY",
        "args": [
          3,
          4,
        ],
        "data": {
          Symbol(simpleDataContext): [Circular],
          Symbol(actionTrackingMiddlewareData): {
            "startAccepted": true,
            "state": "finished",
          },
        },
        "parentContext": undefined,
        "rootContext": [Circular],
        "target": P {
          "$": {
            "$modelId": "id-1",
            "p2": P2 {
              "$": {
                "$modelId": "id-2",
                "y": 6,
              },
              "$modelType": "P2",
              "addY": [Function],
            },
            "x": 4,
          },
          "$modelType": "P",
        },
        "type": "sync",
      },
      "target": P2 {
        "$": {
          "$modelId": "id-2",
          "y": 6,
        },
        "$modelType": "P2",
        "addY": [Function],
      },
      "type": "sync",
    },
    "type": "resume",
  },
  {
    "context": {
      "actionName": "addY",
      "args": [
        4,
      ],
      "data": {
        Symbol(simpleDataContext): [Circular],
        Symbol(actionTrackingMiddlewareData): {
          "startAccepted": true,
          "state": "finished",
        },
      },
      "parentContext": {
        "actionName": "addXY",
        "args": [
          3,
          4,
        ],
        "data": {
          Symbol(simpleDataContext): [Circular],
          Symbol(actionTrackingMiddlewareData): {
            "startAccepted": true,
            "state": "finished",
          },
        },
        "parentContext": undefined,
        "rootContext": [Circular],
        "target": P {
          "$": {
            "$modelId": "id-1",
            "p2": P2 {
              "$": {
                "$modelId": "id-2",
                "y": 6,
              },
              "$modelType": "P2",
              "addY": [Function],
            },
            "x": 4,
          },
          "$modelType": "P",
        },
        "type": "sync",
      },
      "rootContext": {
        "actionName": "addXY",
        "args": [
          3,
          4,
        ],
        "data": {
          Symbol(simpleDataContext): [Circular],
          Symbol(actionTrackingMiddlewareData): {
            "startAccepted": true,
            "state": "finished",
          },
        },
        "parentContext": undefined,
        "rootContext": [Circular],
        "target": P {
          "$": {
            "$modelId": "id-1",
            "p2": P2 {
              "$": {
                "$modelId": "id-2",
                "y": 6,
              },
              "$modelType": "P2",
              "addY": [Function],
            },
            "x": 4,
          },
          "$modelType": "P",
        },
        "type": "sync",
      },
      "target": P2 {
        "$": {
          "$modelId": "id-2",
          "y": 6,
        },
        "$modelType": "P2",
        "addY": [Function],
      },
      "type": "sync",
    },
    "type": "suspend",
  },
  {
    "context": {
      "actionName": "addY",
      "args": [
        4,
      ],
      "data": {
        Symbol(simpleDataContext): [Circular],
        Symbol(actionTrackingMiddlewareData): {
          "startAccepted": true,
          "state": "finished",
        },
      },
      "parentContext": {
        "actionName": "addXY",
        "args": [
          3,
          4,
        ],
        "data": {
          Symbol(simpleDataContext): [Circular],
          Symbol(actionTrackingMiddlewareData): {
            "startAccepted": true,
            "state": "finished",
          },
        },
        "parentContext": undefined,
        "rootContext": [Circular],
        "target": P {
          "$": {
            "$modelId": "id-1",
            "p2": P2 {
              "$": {
                "$modelId": "id-2",
                "y": 6,
              },
              "$modelType": "P2",
              "addY": [Function],
            },
            "x": 4,
          },
          "$modelType": "P",
        },
        "type": "sync",
      },
      "rootContext": {
        "actionName": "addXY",
        "args": [
          3,
          4,
        ],
        "data": {
          Symbol(simpleDataContext): [Circular],
          Symbol(actionTrackingMiddlewareData): {
            "startAccepted": true,
            "state": "finished",
          },
        },
        "parentContext": undefined,
        "rootContext": [Circular],
        "target": P {
          "$": {
            "$modelId": "id-1",
            "p2": P2 {
              "$": {
                "$modelId": "id-2",
                "y": 6,
              },
              "$modelType": "P2",
              "addY": [Function],
            },
            "x": 4,
          },
          "$modelType": "P",
        },
        "type": "sync",
      },
      "target": P2 {
        "$": {
          "$modelId": "id-2",
          "y": 6,
        },
        "$modelType": "P2",
        "addY": [Function],
      },
      "type": "sync",
    },
    "result": "return",
    "type": "finish",
    "value": 6,
  },
  {
    "context": {
      "actionName": "addXY",
      "args": [
        3,
        4,
      ],
      "data": {
        Symbol(simpleDataContext): [Circular],
        Symbol(actionTrackingMiddlewareData): {
          "startAccepted": true,
          "state": "finished",
        },
      },
      "parentContext": undefined,
      "rootContext": [Circular],
      "target": P {
        "$": {
          "$modelId": "id-1",
          "p2": P2 {
            "$": {
              "$modelId": "id-2",
              "y": 6,
            },
            "$modelType": "P2",
            "addY": [Function],
          },
          "x": 4,
        },
        "$modelType": "P",
      },
      "type": "sync",
    },
    "type": "suspend",
  },
  {
    "context": {
      "actionName": "addXY",
      "args": [
        3,
        4,
      ],
      "data": {
        Symbol(simpleDataContext): [Circular],
        Symbol(actionTrackingMiddlewareData): {
          "startAccepted": true,
          "state": "finished",
        },
      },
      "parentContext": undefined,
      "rootContext": [Circular],
      "target": P {
        "$": {
          "$modelId": "id-1",
          "p2": P2 {
            "$": {
              "$modelId": "id-2",
              "y": 6,
            },
            "$modelType": "P2",
            "addY": [Function],
          },
          "x": 4,
        },
        "$modelType": "P",
      },
      "type": "sync",
    },
    "result": "return",
    "type": "finish",
    "value": 7,
  },
]
`;

exports[`actionTrackingMiddleware - sync: disposing 1`] = `[]`;

exports[`actionTrackingMiddleware - sync: override action on start 1`] = `
[
  {
    "context": {
      "actionName": "addXY2",
      "args": [
        3,
        4,
      ],
      "data": {
        Symbol(simpleDataContext): [Circular],
        Symbol(actionTrackingMiddlewareData): {
          "startAccepted": true,
          "state": "finished",
        },
      },
      "parentContext": undefined,
      "rootContext": [Circular],
      "target": P {
        "$": {
          "$modelId": "id-1",
          "p2": P2 {
            "$": {
              "$modelId": "id-2",
              "y": 6,
            },
            "$modelType": "P2",
            "addY": [Function],
          },
          "x": 4,
        },
        "$modelType": "P",
      },
      "type": "sync",
    },
    "type": "filter",
  },
  {
    "context": {
      "actionName": "addXY2",
      "args": [
        3,
        4,
      ],
      "data": {
        Symbol(simpleDataContext): [Circular],
        Symbol(actionTrackingMiddlewareData): {
          "startAccepted": true,
          "state": "finished",
        },
      },
      "parentContext": undefined,
      "rootContext": [Circular],
      "target": P {
        "$": {
          "$modelId": "id-1",
          "p2": P2 {
            "$": {
              "$modelId": "id-2",
              "y": 6,
            },
            "$modelType": "P2",
            "addY": [Function],
          },
          "x": 4,
        },
        "$modelType": "P",
      },
      "type": "sync",
    },
    "type": "start",
  },
  {
    "context": {
      "actionName": "addXY2",
      "args": [
        3,
        4,
      ],
      "data": {
        Symbol(simpleDataContext): [Circular],
        Symbol(actionTrackingMiddlewareData): {
          "startAccepted": true,
          "state": "finished",
        },
      },
      "parentContext": undefined,
      "rootContext": [Circular],
      "target": P {
        "$": {
          "$modelId": "id-1",
          "p2": P2 {
            "$": {
              "$modelId": "id-2",
              "y": 6,
            },
            "$modelType": "P2",
            "addY": [Function],
          },
          "x": 4,
        },
        "$modelType": "P",
      },
      "type": "sync",
    },
    "type": "resume",
  },
  {
    "context": {
      "actionName": "addXY2",
      "args": [
        3,
        4,
      ],
      "data": {
        Symbol(simpleDataContext): [Circular],
        Symbol(actionTrackingMiddlewareData): {
          "startAccepted": true,
          "state": "finished",
        },
      },
      "parentContext": undefined,
      "rootContext": [Circular],
      "target": P {
        "$": {
          "$modelId": "id-1",
          "p2": P2 {
            "$": {
              "$modelId": "id-2",
              "y": 6,
            },
            "$modelType": "P2",
            "addY": [Function],
          },
          "x": 4,
        },
        "$modelType": "P",
      },
      "type": "sync",
    },
    "type": "suspend",
  },
  {
    "context": {
      "actionName": "addXY2",
      "args": [
        3,
        4,
      ],
      "data": {
        Symbol(simpleDataContext): [Circular],
        Symbol(actionTrackingMiddlewareData): {
          "startAccepted": true,
          "state": "finished",
        },
      },
      "parentContext": undefined,
      "rootContext": [Circular],
      "target": P {
        "$": {
          "$modelId": "id-1",
          "p2": P2 {
            "$": {
              "$modelId": "id-2",
              "y": 6,
            },
            "$modelType": "P2",
            "addY": [Function],
          },
          "x": 4,
        },
        "$modelType": "P",
      },
      "type": "sync",
    },
    "result": "return",
    "type": "finish",
    "value": -1000,
  },
]
`;

exports[`actionTrackingMiddleware - sync: throwing 1`] = `
[
  {
    "context": {
      "actionName": "throw",
      "args": [
        "some error",
      ],
      "data": {
        Symbol(simpleDataContext): [Circular],
        Symbol(actionTrackingMiddlewareData): {
          "startAccepted": true,
          "state": "finished",
        },
      },
      "parentContext": undefined,
      "rootContext": [Circular],
      "target": P {
        "$": {
          "$modelId": "id-1",
          "p2": P2 {
            "$": {
              "$modelId": "id-2",
              "y": 6,
            },
            "$modelType": "P2",
            "addY": [Function],
          },
          "x": 4,
        },
        "$modelType": "P",
      },
      "type": "sync",
    },
    "type": "filter",
  },
  {
    "context": {
      "actionName": "throw",
      "args": [
        "some error",
      ],
      "data": {
        Symbol(simpleDataContext): [Circular],
        Symbol(actionTrackingMiddlewareData): {
          "startAccepted": true,
          "state": "finished",
        },
      },
      "parentContext": undefined,
      "rootContext": [Circular],
      "target": P {
        "$": {
          "$modelId": "id-1",
          "p2": P2 {
            "$": {
              "$modelId": "id-2",
              "y": 6,
            },
            "$modelType": "P2",
            "addY": [Function],
          },
          "x": 4,
        },
        "$modelType": "P",
      },
      "type": "sync",
    },
    "type": "start",
  },
  {
    "context": {
      "actionName": "throw",
      "args": [
        "some error",
      ],
      "data": {
        Symbol(simpleDataContext): [Circular],
        Symbol(actionTrackingMiddlewareData): {
          "startAccepted": true,
          "state": "finished",
        },
      },
      "parentContext": undefined,
      "rootContext": [Circular],
      "target": P {
        "$": {
          "$modelId": "id-1",
          "p2": P2 {
            "$": {
              "$modelId": "id-2",
              "y": 6,
            },
            "$modelType": "P2",
            "addY": [Function],
          },
          "x": 4,
        },
        "$modelType": "P",
      },
      "type": "sync",
    },
    "type": "resume",
  },
  {
    "context": {
      "actionName": "throw",
      "args": [
        "some error",
      ],
      "data": {
        Symbol(simpleDataContext): [Circular],
        Symbol(actionTrackingMiddlewareData): {
          "startAccepted": true,
          "state": "finished",
        },
      },
      "parentContext": undefined,
      "rootContext": [Circular],
      "target": P {
        "$": {
          "$modelId": "id-1",
          "p2": P2 {
            "$": {
              "$modelId": "id-2",
              "y": 6,
            },
            "$modelType": "P2",
            "addY": [Function],
          },
          "x": 4,
        },
        "$modelType": "P",
      },
      "type": "sync",
    },
    "type": "suspend",
  },
  {
    "context": {
      "actionName": "throw",
      "args": [
        "some error",
      ],
      "data": {
        Symbol(simpleDataContext): [Circular],
        Symbol(actionTrackingMiddlewareData): {
          "startAccepted": true,
          "state": "finished",
        },
      },
      "parentContext": undefined,
      "rootContext": [Circular],
      "target": P {
        "$": {
          "$modelId": "id-1",
          "p2": P2 {
            "$": {
              "$modelId": "id-2",
              "y": 6,
            },
            "$modelType": "P2",
            "addY": [Function],
          },
          "x": 4,
        },
        "$modelType": "P",
      },
      "type": "sync",
    },
    "result": "throw",
    "type": "finish",
    "value": [Error: some error],
  },
]
`;
