// Jest Snapshot v1, https://goo.gl/fbAQLP

exports[`model typechecking 1`] = `
Array [
  Object {
    "ctx": Object {
      "actionName": "setX",
      "args": Array [
        "5",
      ],
      "data": Object {
        Symbol(actionTrackingMiddlewareData): Object {
          "startAccepted": true,
          "state": "finished",
        },
        Symbol(simpleDataContext): [Circular],
      },
      "parentContext": undefined,
      "rootContext": [Circular],
      "target": M {
        "$": Object {
          "$modelId": "id-1",
          "arr": Array [],
          "untyped": 5,
          "x": 10,
          "y": "6",
        },
        "$modelType": "M",
      },
      "type": "sync",
    },
    "type": "start",
  },
  Object {
    "ctx": Object {
      "actionName": "setX",
      "args": Array [
        "5",
      ],
      "data": Object {
        Symbol(actionTrackingMiddlewareData): Object {
          "startAccepted": true,
          "state": "finished",
        },
        Symbol(simpleDataContext): [Circular],
      },
      "parentContext": undefined,
      "rootContext": [Circular],
      "target": M {
        "$": Object {
          "$modelId": "id-1",
          "arr": Array [],
          "untyped": 5,
          "x": 10,
          "y": "6",
        },
        "$modelType": "M",
      },
      "type": "sync",
    },
    "result": "throw",
    "type": "finish",
  },
]
`;

exports[`model typechecking 2`] = `
Array [
  Object {
    "ctx": Object {
      "actionName": "setArr",
      "args": Array [
        Array [
          1,
          2,
          "3",
        ],
      ],
      "data": Object {
        Symbol(actionTrackingMiddlewareData): Object {
          "startAccepted": true,
          "state": "finished",
        },
        Symbol(simpleDataContext): [Circular],
      },
      "parentContext": undefined,
      "rootContext": [Circular],
      "target": M {
        "$": Object {
          "$modelId": "id-1",
          "arr": Array [],
          "untyped": 5,
          "x": 10,
          "y": "6",
        },
        "$modelType": "M",
      },
      "type": "sync",
    },
    "type": "start",
  },
  Object {
    "ctx": Object {
      "actionName": "setArr",
      "args": Array [
        Array [
          1,
          2,
          "3",
        ],
      ],
      "data": Object {
        Symbol(actionTrackingMiddlewareData): Object {
          "startAccepted": true,
          "state": "finished",
        },
        Symbol(simpleDataContext): [Circular],
      },
      "parentContext": undefined,
      "rootContext": [Circular],
      "target": M {
        "$": Object {
          "$modelId": "id-1",
          "arr": Array [],
          "untyped": 5,
          "x": 10,
          "y": "6",
        },
        "$modelType": "M",
      },
      "type": "sync",
    },
    "result": "throw",
    "type": "finish",
  },
]
`;

exports[`model typechecking 3`] = `
Array [
  Object {
    "ctx": Object {
      "actionName": "addArr",
      "args": Array [
        "3",
      ],
      "data": Object {
        Symbol(actionTrackingMiddlewareData): Object {
          "startAccepted": true,
          "state": "finished",
        },
        Symbol(simpleDataContext): [Circular],
      },
      "parentContext": undefined,
      "rootContext": [Circular],
      "target": M {
        "$": Object {
          "$modelId": "id-1",
          "arr": Array [
            1,
            2,
          ],
          "untyped": 5,
          "x": 10,
          "y": "6",
        },
        "$modelType": "M",
      },
      "type": "sync",
    },
    "type": "start",
  },
  Object {
    "ctx": Object {
      "actionName": "addArr",
      "args": Array [
        "3",
      ],
      "data": Object {
        Symbol(actionTrackingMiddlewareData): Object {
          "startAccepted": true,
          "state": "finished",
        },
        Symbol(simpleDataContext): [Circular],
      },
      "parentContext": undefined,
      "rootContext": [Circular],
      "target": M {
        "$": Object {
          "$modelId": "id-1",
          "arr": Array [
            1,
            2,
          ],
          "untyped": 5,
          "x": 10,
          "y": "6",
        },
        "$modelType": "M",
      },
      "type": "sync",
    },
    "result": "throw",
    "type": "finish",
  },
]
`;
